// Vitest Snapshot v1, https://vitest.dev/guide/snapshot.html

exports[`HomeView > renders correctly 1`] = `
"<aside data-v-f44fcf8d=\\"\\" class=\\"\\">
  <div data-v-f44fcf8d=\\"\\" class=\\"logo\\"></div>
  <div data-v-f44fcf8d=\\"\\" class=\\"menu-toggle-wrap\\"><button data-v-f44fcf8d=\\"\\" class=\\"menu-toggle\\"><span data-v-f44fcf8d=\\"\\" class=\\"material-symbols-outlined\\">keyboard_double_arrow_right</span></button></div>
  <h3 data-v-f44fcf8d=\\"\\">Menu</h3>
  <div data-v-f44fcf8d=\\"\\" class=\\"filter-buttons menu\\"><button data-v-f44fcf8d=\\"\\" class=\\"filter-button button active\\" title=\\"Voir tous les articles\\"><span data-v-f44fcf8d=\\"\\" class=\\"material-symbols-outlined\\">sports_basketball</span><span data-v-f44fcf8d=\\"\\" class=\\"text\\"> Tous</span></button><button data-v-f44fcf8d=\\"\\" class=\\"filter-button button\\" title=\\"BasketUSA\\"><img data-v-f44fcf8d=\\"\\" src=\\"https://raw.githubusercontent.com/ClementBartholome/BasketNews/main/public/images/basketusa.webp\\" class=\\"material-symbols-outlined logo\\" alt=\\"Logo\\"><span data-v-f44fcf8d=\\"\\" class=\\"text\\">BasketUSA</span></button><button data-v-f44fcf8d=\\"\\" class=\\"filter-button button\\" title=\\"TrashTalk\\"><img data-v-f44fcf8d=\\"\\" src=\\"https://raw.githubusercontent.com/ClementBartholome/BasketNews/main/public/images/trashtalk.png\\" class=\\"material-symbols-outlined logo\\" alt=\\"Logo\\"><span data-v-f44fcf8d=\\"\\" class=\\"text\\">TrashTalk</span></button><button data-v-f44fcf8d=\\"\\" class=\\"filter-button button\\" title=\\"BasketSession\\"><img data-v-f44fcf8d=\\"\\" src=\\"https://raw.githubusercontent.com/ClementBartholome/BasketNews/main/public/images/basketsession.webp\\" class=\\"material-symbols-outlined logo\\" alt=\\"Logo\\"><span data-v-f44fcf8d=\\"\\" class=\\"text\\">BasketSession</span></button><button data-v-f44fcf8d=\\"\\" class=\\"filter-button button\\" title=\\"BasketEurope\\"><img data-v-f44fcf8d=\\"\\" src=\\"https://raw.githubusercontent.com/ClementBartholome/BasketNews/main/public/images/basketeurope.webp\\" class=\\"material-symbols-outlined logo\\" alt=\\"Logo\\"><span data-v-f44fcf8d=\\"\\" class=\\"text\\">BasketEurope</span></button><button data-v-f44fcf8d=\\"\\" class=\\"filter-button button\\" title=\\"L'Equipe\\"><img data-v-f44fcf8d=\\"\\" src=\\"https://raw.githubusercontent.com/ClementBartholome/BasketNews/main/public/images/lequipe.webp\\" class=\\"material-symbols-outlined logo\\" alt=\\"Logo\\"><span data-v-f44fcf8d=\\"\\" class=\\"text\\">L'Equipe</span></button><button data-v-f44fcf8d=\\"\\" class=\\"filter-button button\\" title=\\"ESPN NBA\\"><img data-v-f44fcf8d=\\"\\" src=\\"https://raw.githubusercontent.com/ClementBartholome/BasketNews/main/public/images/espn.png\\" class=\\"material-symbols-outlined logo\\" alt=\\"Logo\\"><span data-v-f44fcf8d=\\"\\" class=\\"text\\">ESPN NBA</span></button><button data-v-f44fcf8d=\\"\\" class=\\"filter-button button\\" title=\\"CBS Sports NBA\\"><img data-v-f44fcf8d=\\"\\" src=\\"https://raw.githubusercontent.com/ClementBartholome/BasketNews/main/public/images/cbs.webp\\" class=\\"material-symbols-outlined logo\\" alt=\\"Logo\\"><span data-v-f44fcf8d=\\"\\" class=\\"text\\">CBS Sports NBA</span></button><button data-v-f44fcf8d=\\"\\" class=\\"filter-button button\\" title=\\"New York Times\\"><img data-v-f44fcf8d=\\"\\" src=\\"https://raw.githubusercontent.com/ClementBartholome/BasketNews/main/public/images/nytimes.png\\" class=\\"material-symbols-outlined logo\\" alt=\\"Logo\\"><span data-v-f44fcf8d=\\"\\" class=\\"text\\">New York Times</span></button></div>
</aside>
<header data-v-0a0c25dd=\\"\\" class=\\"header\\">
  <router-link data-v-0a0c25dd=\\"\\" to=\\"/\\">
    <div data-v-0a0c25dd=\\"\\" class=\\"header-content\\"><span data-v-0a0c25dd=\\"\\" class=\\"material-symbols-outlined\\"> sports_basketball </span>
      <h1 data-v-0a0c25dd=\\"\\">Daily Basket</h1>
    </div>
  </router-link><button data-v-31be2b8d=\\"\\" data-v-0a0c25dd=\\"\\" class=\\"dark-mode-btn\\"><span data-v-31be2b8d=\\"\\" class=\\"material-symbols-outlined\\">light_mode</span></button>
</header>
<main>
  <section data-v-841a08ad=\\"\\" class=\\"box-results\\"><span data-v-841a08ad=\\"\\" class=\\"yesterday\\">NBA<br>Hier</span><span data-v-841a08ad=\\"\\" class=\\"no-games\\">Pas de matchs NBA jou√©s hier</span><button data-v-841a08ad=\\"\\" class=\\"change-day\\"><span data-v-841a08ad=\\"\\" class=\\"material-symbols-outlined\\">arrow_forward</span></button></section>
  <div class=\\"home-layout\\"><span class=\\"material-symbols-outlined loader\\">sports_basketball</span>
    <router-link to=\\"/news/page/2\\"><button data-v-b2ec4738=\\"\\"> Afficher la suite des actus <span class=\\"material-symbols-outlined\\"> arrow_right_alt </span></button></router-link>
    <section class=\\"continu\\">
      <h2>Chrono</h2>
      <section data-v-a404d4cc=\\"\\"><button data-v-b2ec4738=\\"\\" data-v-a404d4cc=\\"\\">Afficher les actus NBA suivantes <span data-v-a404d4cc=\\"\\" class=\\"material-symbols-outlined\\">arrow_drop_down</span></button></section>
    </section>
  </div>
</main>"
`;
